// Jest Snapshot v1, https://goo.gl/fbAQLP

exports[`<NavBar /> deber√≠a mostrar <NavBar />correctamente  1`] = `ReactWrapper {}`;
